
> puls@0.1.0 build
> next build

Ôû▓ Next.js 16.1.6 (Turbopack)
- Environments: .env.local

  Creating an optimized production build ...
Ô£ô Compiled successfully in 4.4s
  Running TypeScript ...
node.exe : Failed to compile.
No C:\Program Files\nodejs\npm.ps1:29 caractere:3
+   & $NODE_EXE $NPM_CLI_JS $args
+   ~~~~~~~~~~~~~~~~~~~~~~~~~~~~~
    + CategoryInfo          : NotSpecified: (Failed t    
o compile.:String) [], RemoteException
    + FullyQualifiedErrorId : NativeCommandError
 

./src/components/dashboard/GoalsCard.tsx:43:99
Type error: Type '{ value: number; className: string; 
indicatorColor: string; }' is not assignable to type 
'IntrinsicAttributes & ProgressProps & 
RefAttributes<HTMLDivElement>'.
  Property 'indicatorColor' does not exist on type 
'IntrinsicAttributes & ProgressProps & 
RefAttributes<HTMLDivElement>'.

[0m [90m 41 |[39m                         
[33m<[39m[33m/[39m[33mspan[39m[33m>[39m
 [90m 42 |[39m                     
[33m<[39m[33m/[39m[33mdiv[39m[33m>[39m
[31m[1m>[22m[39m[90m 43 |[39m                     
[33m<[39m[33mProgress[39m 
value[33m=[39m{volumeProgress} 
className[33m=[39m[32m"h-2 bg-blue-100 
dark:bg-blue-950"[39m 
indicatorColor[33m=[39m[32m"bg-blue-500"[39m 
[33m/[39m[33m>[39m
 [90m    |[39m                                         
                                                         
 [31m[1m^[22m[39m
 [90m 44 |[39m                     
[33m<[39m[33mp[39m 
className[33m=[39m[32m"text-[10px] 
text-muted-foreground text-right"[39m[33m>[39m
 [90m 45 |[39m                         {volumeProgress 
[33m>=[39m [35m100[39m [33m?[39m [32m'Meta 
atingida!'[39m [33m:[39m [32m`${(TARGET_WEEKLY_KM - 
currentWeeklyKm).toFixed(1)}km restantes`[39m}
 [90m 46 |[39m                     
[33m<[39m[33m/[39m[33mp[39m[33m>[39m[0m
Next.js build worker exited with code: 1 and signal: null
